ls_release -a
http://www.howopensource.com/2013/04/install-virtualbox-ubuntu-ppa/    
yum install kernel-uek-devel-$(uname -r) 
First install the dependency package to avoid error. 
http://www.oracle.com/technetwork/articles/hunter-rac10gr2-iscsi-101317.html 
http://www.oracle.com/technetwork/articles/hunter-rac11gr2-iscsi-088677.html
http://gjilevski.com/2011/07/29/virtualization-using-oracle-vm-virtualbox-for-building-two-node-oracle-rac-11gr2-11-2-0-2-cluster-where-oracle-11-2-0-2-rdbms-coexists-with-10gr2-10-2-0-5-rdbms-based-on-linux-oel-5-4/ 
sudo apt-get install dkms 
add the above command to add it to my repository 

sudo sh -c 'echo "deb http://download.virtualbox.org/virtualbox/debian precise contrib" >>
 /etc/apt/sources.list.d/virtualbox.list'

update repo
sudo apt-get update


virtualbox-4.3_4.3.6-91406~Ubuntu~precise_amd64.deb

sudo apt-get install virtualbox-4.3

sudo apt-get install     virtualbox-4.3_4.3.6-91406~Ubuntu~precise_amd64.deb

To automatically mount the drives on boot, install mountmanager by typing
sudo apt-get install mountmanager

To mount the drives right now, type sudo mount /dev/sdaX, where X is the number of the partion to mount. 


# yum install oracle-rdbms-server-11gR2-preinstall
Note. Probably you will not be able to paste and copy this command. So you will have to type it manually. We are going to fix that shortly by installing Guest Additions. For now just type those commands.
Install ASMLib:
# yum install oracleasm
# yum install oracleasm-support


# yum install oracle-rdbms-server-11gR2-preinstall
Note. Probably you will not be able to paste and copy this command. So you will have to type it manually. We are going to fix that shortly by installing Guest Additions. For now just type those commands.
Install ASMLib:
# yum install oracleasm
# yum install oracleasm-support

Create the directory in which the Oracle software will be installed.
mkdir -p  /u01
chown -R oracle:oinstall /u01
chmod -R 775 /u01/

Add oracle account to dba and vboxsf groups. The vboxsf group was created by VirtualBox Guest Additions and will allow oracle user access folders in the Host OS:
# usermod -G dba,vboxsf oracle

Reset oracle user password to oracle:
# passwd oracle

Disable secure linux by editing the "/etc/selinux/config" file, making sure the SELINUX flag is set as follows.
SELINUX=disabled


Disable secure linux by editing the "/etc/selinux/config" file, making sure the SELINUX flag is set as follows.
SELINUX=disabled
Either configure NTP, or make sure it is not configured so the Oracle Cluster Time Synchronization Service (ctssd) can synchronize the times of the RAC nodes. In this case we will deconfigure NTP.
# service ntpd stop
Shutting down ntpd:                                        [FAILED]
# chkconfig ntpd off
# mv /etc/ntp.conf /etc/ntp.conf.orig
# rm /var/run/ntpd.pid

http://www.lab128.com/rac_installation_using_vb/article_text.html 

Edit "vi /etc/hosts"

System and Database Administrator
World Vision International - MicroFinance Project
July 2005 - December 2007
SQL Server 2000 and 2005 Database configuration and administration.
Monitor performance and enforce security of the databases.
Implement SQL Server Disaster recovery.
Database Programming to generate custom reports. 
Windows 2000 and 2003 Server configuration and administration

http://www.pythian.com/blog/upgraded-to-11gr2-congrats-you-are-in-direct-reads-trouble/

https://pubs.vmware.com/vsphere-51/index.jsp?topic=%2Fcom.vmware.vsphere.solutions.doc%2FGUID-0A264828-3933-4F4F-82D7-B5006A90CDBA.html

Start cloned VM rac2 and login as root user. Then change hostname by editing file "/etc/sysconfig/network", HOSTNAME parameter: 

08:00:27:BC:8A:00
08:00:27:89:2D:00
08:00:27:5F:AD:00

Ø	Managed a Database size of 160GB (Approx).
Ø	Oracle Backup tasks using import/export utilities.
Ø	Backup Tasks: - Os Backups and software specific Backups.
Ø	Regular check on the resources at OS and DB Level.
Ø	Backup using Cold Backup.
Ø	Recovery of Physical files of the database, Managing Tablespaces.
Ø	Creation and Maintenance of Rollback segments.
Ø	Periodic statspack report generation (Specifically at peak loads).
Ø	Peoplesoft Administration (Creating users, Managing roles, Locking 
user accounts etc)
Ø	General Administration Tasks.

/etc/sysconfig/network-scripts/ifcfg-eth0
/etc/sysconfig/network-scripts/ifcfg-eth1
/etc/sysconfig/network-scripts/ifcfg-eth2

http://balaoracledba.com/2013/12/23/step-by-step-install-of-oracle-rac-11gr2-on-oel-6-5-on-oracle-vm-virtual-box/

http://devstack.org/

http://www.lab128.com/rac_installation_using_vb/article_text.html

Virtualization using Oracle VM VirtualBox for building two node Oracle RAC 11gR2 (11.2.0.2) cluster where Oracle 11.2.0.2 RDBMS coexists with 10gR2 (10.2.0.5) RDBMS based on Linux (OEL 5.4)


sudo apt-get purge virtualbox-\*




 
 
 
image
 
 
 
 
 
Virtualization using Oracle VM VirtualBox for building t...
Virtualization using Oracle VM VirtualBox for building two node Oracle RAC 11gR2 (11.2.0.2) cluster where Oracle 11.2.0.2 RDBMS coexists with 10gR2 (10.2.0.5) RDBMS...
View on gjilevski.com
Preview by Yahoo
 
 
 


sudo apt-get purge virtualbox-\*
apt-get autoremove libtommath0
tools_~

git push origin master
https://www.djangoproject.com/download/
http://learnpythonthehardway.org/book/index.html
https://docs.python.org/2/tutorial/controlflow.html
http://www2.lib.uchicago.edu/keith/courses/python/class/5/
url = https://github.com/lemwish/tools_.git
url=ssh://git@github.com/lemwish/tools_.git
https://bytes.com/topic/postgresql/answers/421355-storing-file-hash-primary-key
rm .git/.config.swp
http://www.cyberciti.biz/faq/howto-linux-unix-delete-remove-file/

git remote set-url origin https://yourusername@github.com/user/repo.git
git remote set-url origin https://khidodb@github.com/khidodb/repo.git

url = https://github.com/lemwish/tools_.git

https://khidodb@github.com/user/repo.git

git remote set-url origin https://khidodb@github.com/khidodb/repo.git


SSH
Khidos_machine
Fingerprint: e1:79:04:fd:3e:eb:a6:10:20:77:f0:18:29:a8:02:d6

-----------------------------------------------------------
sudo apt-get remove git
sudo add-apt-repository ppa:git-core/ppa
sudo apt-get update
sudo apt-get install git
git --version
------------------------------------------------------------------------

git push --all origin -u

why is git igonore being ignored? 

------------------------------------------------------------------------
# to publish my branch... 
git push --all origin -u
-----------------------------------------------------------
git stash
-----------------------------------------------------------

git commit -a -m 'mix staging and commiting'

-----------------------------------------------------------
#how to use git stash

Let’s create a repository, add a file, and make the first commit:

$ git init
Initialized empty Git repository ...
$ echo This is the README file. > README
$ git add README
$ git commit -m'Initial commit'
[master (root-commit) 35ede5c] Initial commit
 1 files changed, 1 insertions(+), 0 deletions(-)
 create mode 100644 README
Next we’ll make some changes to the working directory:

Add a line to README
Add a new file, file2
$ echo ADD TO THE WORKING DIRECTORY VERSION OF README >> README
$ echo file2 is here > file2
$ ls
file2  README

# diversion-----
http://waterdata.usgs.gov/nwis/uv?site_no=07374525

# more diversion :(-------------------
http://www.usgs.gov/newsroom/article.asp?ID=3387&from=rss

#Let try this again-------------------
We Get Interrupted

# Now we find out about the bug we need to fix in another branch. Our goal is to stash (save) the changes that we had made to the working directory, # go to the other branch and then eventually return to right before we heard about that bug.

#Add Files To The Index

#We first need to add the new file, file2, to the index, so git will track the file and know to save the file during the
git stash:

$ git add file2
#We don’t need to add README to the index since that file path was already in the index: Git will notice that the working directory version is newer #than the index and will stash it.



# git stash summary

#Stash Time

Now we’re ready for the stashing:

$ git stash

Saved working directory and index state WIP on master: 8d8b865 Initial commit
HEAD is now at 8d8b865 Initial commit
$ ls
README
$ cat README

# diversion - https://help.github.com/articles/generating-a-new-ssh-key-and-adding-it-to-the-ssh-agent/

# To stop tracking a file that is currently tracked, use 
$ git rm --cached file
# in our case this becomes : 
git rm --cached tools_~
git rm --cached khido_branch~

# https://help.github.com/articles/generating-a-new-ssh-key-and-adding-it-to-the-ssh-agent/

# command below will only push current repository
$ git push 

git checkout mynotes

git checkout master
git log ..mynotes # if you're curious
git merge mynotes
git push

# after merge, add to repo using 
$ git add .

# diversion, serious one : http://stackoverflow.com/questions/5601931/best-and-safest-way-to-merge-a-git-branch-into-master
# http://stackoverflow.com/questions/7287027/displaying-a-table-in-django-from-database
# https://sethrobertson.github.io/GitBestPractices/ 
# https://crealytics.com/blog/2010/07/09/5-reasons-keeping-git-commits-small/

$ git stash pop
# On branch master
# Changes to be committed:
#   (use "git reset HEAD ..." to unstage)
#
#   new file:   file2
#
# Changed but not updated:
#   (use "git add ..." to update what will be committed)
#   (use "git checkout -- ..." to discard changes in working directory)
#
#   modified:   README
#
Dropped refs/stash@{0} (9c72eaeebdb712ad527f06f88a5cbec1098957f1)
$ ls
file2  README
$ cat README
This is the README file.
ADD TO THE WORKING DIRECTORY VERSION OF README
Git stash: Just unbelievably convenient, easy and fast

# trial
https://www.git-tower.com/blog/git-cheat-sheet/

# Think is all the git stuff i need to know now------------To 
# summary to self, find anything interesting, past and push to the internet, when in need of change 
# lemwish will be the master, kinda.. lol
# Now back to my regular project

# before we proceed

…or create a new repository on the command line

echo "# filehandler" >> README.md
git init
git add README.md
git commit -m "first commit"
git remote add origin https://github.com/lemwish/filehandler.git
git push -u origin master

…or push an existing repository from the command line

git remote add origin https://github.com/lemwish/filehandler.git
git push -u origin master

…or import code from another repository

You can initialize this repository with code from a Subversion, Mercurial, or TFS project.

# need to extract rows from a file either using shell script or python... Lets try the python option option:

http://stackoverflow.com/questions/13521397/extract-data-from-lines-of-text-file-in-python

# brand new project 
git clone https://github.com/khidodb/filehandler.git
http://pandas-docs.github.io/pandas-docs-travis/
http://julienphalip.com/post/2825034077/adding-search-to-a-django-site-in-a-snap

# Set up django with postgre 

1.sudo apt-get install python3-dev libpq-dev
2.mkdir django
3.cd django
4.virtualenv -p /usr/bin/python3.4 venv
5












